// Jest Snapshot v1, https://goo.gl/fbAQLP

exports[`Button Button renders with correct text 1`] = `undefined`;
